* Creating isolated environment: venv+pip...
* Installing packages in isolated environment:
  - setuptools>=69
  - wheel
* Getting build dependencies for sdist...
running egg_info
writing src\rhaid.egg-info\PKG-INFO
writing dependency_links to src\rhaid.egg-info\dependency_links.txt
writing entry points to src\rhaid.egg-info\entry_points.txt
writing requirements to src\rhaid.egg-info\requires.txt
writing top-level names to src\rhaid.egg-info\top_level.txt
reading manifest file 'src\rhaid.egg-info\SOURCES.txt'
adding license file 'LICENSE'
writing manifest file 'src\rhaid.egg-info\SOURCES.txt'
* Building sdist...
running sdist
running egg_info
writing src\rhaid.egg-info\PKG-INFO
writing dependency_links to src\rhaid.egg-info\dependency_links.txt
writing entry points to src\rhaid.egg-info\entry_points.txt
writing requirements to src\rhaid.egg-info\requires.txt
writing top-level names to src\rhaid.egg-info\top_level.txt
reading manifest file 'src\rhaid.egg-info\SOURCES.txt'
adding license file 'LICENSE'
writing manifest file 'src\rhaid.egg-info\SOURCES.txt'
running check
creating rhaid-0.7.2
creating rhaid-0.7.2\src\rhaid
creating rhaid-0.7.2\src\rhaid.egg-info
creating rhaid-0.7.2\tests
copying files to rhaid-0.7.2...
copying LICENSE -> rhaid-0.7.2
copying README.md -> rhaid-0.7.2
copying pyproject.toml -> rhaid-0.7.2
copying src\rhaid\__init__.py -> rhaid-0.7.2\src\rhaid
copying src\rhaid\baseline.py -> rhaid-0.7.2\src\rhaid
copying src\rhaid\cache.py -> rhaid-0.7.2\src\rhaid
copying src\rhaid\cli.py -> rhaid-0.7.2\src\rhaid
copying src\rhaid\config.py -> rhaid-0.7.2\src\rhaid
copying src\rhaid\editorconfig.py -> rhaid-0.7.2\src\rhaid
copying src\rhaid\js_rules.py -> rhaid-0.7.2\src\rhaid
copying src\rhaid\jsonpatch.py -> rhaid-0.7.2\src\rhaid
copying src\rhaid\logging_utils.py -> rhaid-0.7.2\src\rhaid
copying src\rhaid\markdown_rules.py -> rhaid-0.7.2\src\rhaid
copying src\rhaid\mdx_rules.py -> rhaid-0.7.2\src\rhaid
copying src\rhaid\python_ast_rules.py -> rhaid-0.7.2\src\rhaid
copying src\rhaid\register_rules.py -> rhaid-0.7.2\src\rhaid
copying src\rhaid\results.py -> rhaid-0.7.2\src\rhaid
copying src\rhaid\rules.py -> rhaid-0.7.2\src\rhaid
copying src\rhaid\scanner.py -> rhaid-0.7.2\src\rhaid
copying src\rhaid\secrets.py -> rhaid-0.7.2\src\rhaid
copying src\rhaid\terraform_rules.py -> rhaid-0.7.2\src\rhaid
copying src\rhaid\toml_rules.py -> rhaid-0.7.2\src\rhaid
copying src\rhaid.egg-info\PKG-INFO -> rhaid-0.7.2\src\rhaid.egg-info
copying src\rhaid.egg-info\SOURCES.txt -> rhaid-0.7.2\src\rhaid.egg-info
copying src\rhaid.egg-info\dependency_links.txt -> rhaid-0.7.2\src\rhaid.egg-info
copying src\rhaid.egg-info\entry_points.txt -> rhaid-0.7.2\src\rhaid.egg-info
copying src\rhaid.egg-info\requires.txt -> rhaid-0.7.2\src\rhaid.egg-info
copying src\rhaid.egg-info\top_level.txt -> rhaid-0.7.2\src\rhaid.egg-info
copying tests\test_dump_modules.py -> rhaid-0.7.2\tests
copying tests\test_markdown.py -> rhaid-0.7.2\tests
copying tests\test_py_unused_import.py -> rhaid-0.7.2\tests
copying tests\test_registration.py -> rhaid-0.7.2\tests
copying tests\test_rhaid_autofix_all.py -> rhaid-0.7.2\tests
copying tests\test_smoke.py -> rhaid-0.7.2\tests
copying src\rhaid.egg-info\SOURCES.txt -> rhaid-0.7.2\src\rhaid.egg-info
Writing rhaid-0.7.2\setup.cfg
Creating tar archive
removing 'rhaid-0.7.2' (and everything under it)
* Creating isolated environment: venv+pip...
* Installing packages in isolated environment:
  - setuptools>=69
  - wheel
* Getting build dependencies for wheel...
running egg_info
writing src\rhaid.egg-info\PKG-INFO
writing dependency_links to src\rhaid.egg-info\dependency_links.txt
writing entry points to src\rhaid.egg-info\entry_points.txt
writing requirements to src\rhaid.egg-info\requires.txt
writing top-level names to src\rhaid.egg-info\top_level.txt
reading manifest file 'src\rhaid.egg-info\SOURCES.txt'
adding license file 'LICENSE'
writing manifest file 'src\rhaid.egg-info\SOURCES.txt'
* Building wheel...
running bdist_wheel
running build
running build_py
copying src\rhaid\baseline.py -> build\lib\rhaid
copying src\rhaid\cache.py -> build\lib\rhaid
copying src\rhaid\cli.py -> build\lib\rhaid
copying src\rhaid\config.py -> build\lib\rhaid
copying src\rhaid\editorconfig.py -> build\lib\rhaid
copying src\rhaid\jsonpatch.py -> build\lib\rhaid
copying src\rhaid\js_rules.py -> build\lib\rhaid
copying src\rhaid\logging_utils.py -> build\lib\rhaid
copying src\rhaid\markdown_rules.py -> build\lib\rhaid
copying src\rhaid\mdx_rules.py -> build\lib\rhaid
copying src\rhaid\python_ast_rules.py -> build\lib\rhaid
copying src\rhaid\register_rules.py -> build\lib\rhaid
copying src\rhaid\results.py -> build\lib\rhaid
copying src\rhaid\rules.py -> build\lib\rhaid
copying src\rhaid\scanner.py -> build\lib\rhaid
copying src\rhaid\secrets.py -> build\lib\rhaid
copying src\rhaid\terraform_rules.py -> build\lib\rhaid
copying src\rhaid\toml_rules.py -> build\lib\rhaid
copying src\rhaid\__init__.py -> build\lib\rhaid
running egg_info
writing src\rhaid.egg-info\PKG-INFO
writing dependency_links to src\rhaid.egg-info\dependency_links.txt
writing entry points to src\rhaid.egg-info\entry_points.txt
writing requirements to src\rhaid.egg-info\requires.txt
writing top-level names to src\rhaid.egg-info\top_level.txt
reading manifest file 'src\rhaid.egg-info\SOURCES.txt'
adding license file 'LICENSE'
writing manifest file 'src\rhaid.egg-info\SOURCES.txt'
installing to build\bdist.win-amd64\wheel
running install
running install_lib
creating build\bdist.win-amd64\wheel
creating build\bdist.win-amd64\wheel\rhaid
copying build\lib\rhaid\baseline.py -> build\bdist.win-amd64\wheel\.\rhaid
copying build\lib\rhaid\cache.py -> build\bdist.win-amd64\wheel\.\rhaid
copying build\lib\rhaid\cli.py -> build\bdist.win-amd64\wheel\.\rhaid
copying build\lib\rhaid\config.py -> build\bdist.win-amd64\wheel\.\rhaid
copying build\lib\rhaid\editorconfig.py -> build\bdist.win-amd64\wheel\.\rhaid
copying build\lib\rhaid\jsonpatch.py -> build\bdist.win-amd64\wheel\.\rhaid
copying build\lib\rhaid\js_rules.py -> build\bdist.win-amd64\wheel\.\rhaid
copying build\lib\rhaid\logging_utils.py -> build\bdist.win-amd64\wheel\.\rhaid
copying build\lib\rhaid\markdown_rules.py -> build\bdist.win-amd64\wheel\.\rhaid
copying build\lib\rhaid\mdx_rules.py -> build\bdist.win-amd64\wheel\.\rhaid
copying build\lib\rhaid\python_ast_rules.py -> build\bdist.win-amd64\wheel\.\rhaid
copying build\lib\rhaid\register_rules.py -> build\bdist.win-amd64\wheel\.\rhaid
copying build\lib\rhaid\results.py -> build\bdist.win-amd64\wheel\.\rhaid
copying build\lib\rhaid\rules.py -> build\bdist.win-amd64\wheel\.\rhaid
copying build\lib\rhaid\scanner.py -> build\bdist.win-amd64\wheel\.\rhaid
copying build\lib\rhaid\secrets.py -> build\bdist.win-amd64\wheel\.\rhaid
copying build\lib\rhaid\terraform_rules.py -> build\bdist.win-amd64\wheel\.\rhaid
copying build\lib\rhaid\toml_rules.py -> build\bdist.win-amd64\wheel\.\rhaid
copying build\lib\rhaid\__init__.py -> build\bdist.win-amd64\wheel\.\rhaid
running install_egg_info
Copying src\rhaid.egg-info to build\bdist.win-amd64\wheel\.\rhaid-0.7.2-py3.13.egg-info
running install_scripts
creating build\bdist.win-amd64\wheel\rhaid-0.7.2.dist-info\WHEEL
creating 'C:\Users\User\Desktop\Rhaid_Autofix\dist\.tmp-0hbqotz1\rhaid-0.7.2-py3-none-any.whl' and adding 'build\bdist.win-amd64\wheel' to it
adding 'rhaid/__init__.py'
adding 'rhaid/baseline.py'
adding 'rhaid/cache.py'
adding 'rhaid/cli.py'
adding 'rhaid/config.py'
adding 'rhaid/editorconfig.py'
adding 'rhaid/js_rules.py'
adding 'rhaid/jsonpatch.py'
adding 'rhaid/logging_utils.py'
adding 'rhaid/markdown_rules.py'
adding 'rhaid/mdx_rules.py'
adding 'rhaid/python_ast_rules.py'
adding 'rhaid/register_rules.py'
adding 'rhaid/results.py'
adding 'rhaid/rules.py'
adding 'rhaid/scanner.py'
adding 'rhaid/secrets.py'
adding 'rhaid/terraform_rules.py'
adding 'rhaid/toml_rules.py'
adding 'rhaid-0.7.2.dist-info/licenses/LICENSE'
adding 'rhaid-0.7.2.dist-info/METADATA'
adding 'rhaid-0.7.2.dist-info/WHEEL'
adding 'rhaid-0.7.2.dist-info/entry_points.txt'
adding 'rhaid-0.7.2.dist-info/top_level.txt'
adding 'rhaid-0.7.2.dist-info/RECORD'
removing build\bdist.win-amd64\wheel
Successfully built rhaid-0.7.2.tar.gz and rhaid-0.7.2-py3-none-any.whl
