============================= test session starts =============================
platform win32 -- Python 3.13.7, pytest-8.4.1, pluggy-1.6.0 -- C:\Users\User\Desktop\Rhaid_Autofix\.venv\Scripts\python.exe
cachedir: .pytest_cache
rootdir: C:\Users\User\Desktop\Rhaid_Autofix
configfile: pytest.ini
plugins: anyio-4.10.0
collecting ... collected 13 items

licensing/server/test_stripe_webhook.py::test_stripe_webhook SKIPPED     [  7%]
tests/test_dump_modules.py::test_dump_markdown_rules_modules PASSED      [ 15%]
tests/test_markdown.py::test_md_heading_and_fence PASSED                 [ 23%]
tests/test_markdown.py::test_md_unclosed_fence PASSED                    [ 30%]
tests/test_py_unused_import.py::test_unused_import_detection PASSED      [ 38%]
tests/test_registration.py::test_heading_rule_loaded_from_expected_file PASSED [ 46%]
tests/test_rhaid_autofix_all.py::test_unused_import PASSED               [ 53%]
tests/test_rhaid_autofix_all.py::test_formatting PASSED                  [ 61%]
tests/test_rhaid_autofix_all.py::test_secrets PASSED                     [ 69%]
tests/test_rhaid_autofix_all.py::test_markdown PASSED                    [ 76%]
tests/test_rhaid_autofix_all.py::test_json PASSED                        [ 84%]
tests/test_rhaid_autofix_all.py::test_baseline PASSED                    [ 92%]
tests/test_smoke.py::test_ok PASSED                                      [100%]

======================= 12 passed, 1 skipped in 10.61s ========================
